\BOOKMARK [0][-]{dummy.1}{\376\377\000D\000e\000c\000l\000a\000r\000a\000t\000i\000o\000n\000\040\000o\000f\000\040\000A\000u\000t\000h\000o\000r\000s\000h\000i\000p}{}% 1
\BOOKMARK [0][-]{dummy.2}{\376\377\000A\000c\000k\000n\000o\000w\000l\000e\000d\000g\000e\000m\000e\000n\000t\000s}{}% 2
\BOOKMARK [0][-]{dummy.3}{\376\377\000A\000b\000s\000t\000r\000a\000c\000t}{}% 3
\BOOKMARK [0][-]{dummy.4}{\376\377\000C\000o\000n\000t\000e\000n\000t\000s}{}% 4
\BOOKMARK [0][-]{dummy.6}{\376\377\000L\000i\000s\000t\000\040\000o\000f\000\040\000F\000i\000g\000u\000r\000e\000s}{}% 5
\BOOKMARK [0][-]{dummy.8}{\376\377\000L\000i\000s\000t\000\040\000o\000f\000\040\000T\000a\000b\000l\000e\000s}{}% 6
\BOOKMARK [0][-]{dummy.10}{\376\377\000A\000b\000b\000r\000e\000v\000i\000a\000t\000i\000o\000n\000s}{}% 7
\BOOKMARK [0][-]{dummy.12}{\376\377\000D\000e\000f\000i\000n\000i\000t\000i\000o\000n\000s}{}% 8
\BOOKMARK [0][-]{chapter.14}{\376\377\0001\000\040\000I\000n\000t\000r\000o\000d\000u\000c\000t\000i\000o\000n}{}% 9
\BOOKMARK [1][-]{section.16}{\376\377\0001\000.\0001\000\040\000I\000n\000t\000r\000o\000d\000u\000c\000t\000i\000o\000n}{chapter.14}% 10
\BOOKMARK [1][-]{section.17}{\376\377\0001\000.\0002\000\040\000R\000e\000s\000e\000a\000r\000c\000h\000\040\000i\000s\000s\000u\000e\000s\000\040}{chapter.14}% 11
\BOOKMARK [1][-]{section.18}{\376\377\0001\000.\0003\000\040\000O\000b\000j\000e\000c\000t\000i\000v\000e}{chapter.14}% 12
\BOOKMARK [1][-]{section.19}{\376\377\0001\000.\0004\000\040\000C\000o\000n\000t\000r\000i\000b\000u\000t\000i\000o\000n\000s}{chapter.14}% 13
\BOOKMARK [1][-]{section.20}{\376\377\0001\000.\0005\000\040\000P\000a\000p\000e\000r\000s\000\040\000p\000u\000b\000l\000i\000s\000h\000e\000d\000/\000c\000o\000m\000m\000u\000n\000i\000c\000a\000t\000e\000d\000\040\000b\000a\000s\000e\000d\000\040\000o\000n\000\040\000t\000h\000i\000s\000\040\000r\000e\000s\000e\000a\000r\000c\000h}{chapter.14}% 14
\BOOKMARK [1][-]{section.21}{\376\377\0001\000.\0006\000\040\000O\000r\000g\000a\000n\000i\000z\000a\000t\000i\000o\000n\000\040\000o\000f\000\040\000t\000h\000e\000s\000i\000s}{chapter.14}% 15
\BOOKMARK [0][-]{chapter.22}{\376\377\0002\000\040\000L\000i\000t\000e\000r\000a\000t\000u\000r\000e\000\040\000R\000e\000v\000i\000e\000w\000\040}{}% 16
\BOOKMARK [0][-]{chapter.23}{\376\377\0003\000\040}{}% 17
\BOOKMARK [1][-]{section.24}{\376\377\0003\000.\0001\000\040\000I\000n\000t\000r\000o\000d\000u\000c\000t\000i\000o\000n}{chapter.23}% 18
\BOOKMARK [0][-]{chapter.25}{\376\377\0004\000\040}{}% 19
\BOOKMARK [0][-]{chapter.26}{\376\377\0005\000\040}{}% 20
\BOOKMARK [0][-]{chapter.28}{\376\377\0006\000\040\000C\000o\000n\000c\000l\000u\000s\000i\000o\000n\000\040\000a\000n\000d\000\040\000F\000u\000t\000u\000r\000e\000\040\000D\000i\000r\000e\000c\000t\000i\000o\000n}{}% 21
\BOOKMARK [0][-]{dummy.31}{\376\377\000B\000i\000b\000l\000i\000o\000g\000r\000a\000p\000h\000y}{}% 22
